<html>
<body>
<pre>
<h1>礦ision Build Log</h1>
<h2>Project:</h2>
F:\嵌入式\Gavin嵌入式\4.LCD\Project\CT117E-LCD.uvproj
Project File Date:  03/05/2019

<h2>Output:</h2>
Build target 'Target 1'
assembling startup_stm32f10x_md.s...
compiling core_cm3.c...
compiling system_stm32f10x.c...
compiling stm32f10x_gpio.c...
compiling stm32f10x_rcc.c...
compiling lcd.c...
compiling main.c...
compiling stm32f10x_it.c...
linking...
Program Size: Code=5864 RO-data=4828 RW-data=52 ZI-data=1636  
FromELF: creating hex file...
"..\Output\CT117E-LCD.axf" - 0 Error(s), 0 Warning(s).
Load "..\\Output\\CT117E-LCD.AXF" 
Erasing Done.
Program Speed: 11.65 KByte/s
Programming Done.
Build target 'Target 1'
assembling startup_stm32f10x_md.s...
compiling core_cm3.c...
compiling system_stm32f10x.c...
compiling stm32f10x_gpio.c...
compiling stm32f10x_rcc.c...
compiling lcd.c...
compiling main.c...
compiling stm32f10x_it.c...
linking...
Program Size: Code=5860 RO-data=4828 RW-data=52 ZI-data=1636  
FromELF: creating hex file...
"..\Output\CT117E-LCD.axf" - 0 Error(s), 0 Warning(s).
Load "..\\Output\\CT117E-LCD.AXF" 
Erasing Done.
Program Speed: 11.65 KByte/s
Programming Done.
Build target 'Target 1'
assembling startup_stm32f10x_md.s...
compiling core_cm3.c...
compiling system_stm32f10x.c...
compiling stm32f10x_gpio.c...
compiling stm32f10x_rcc.c...
compiling lcd.c...
compiling main.c...
compiling stm32f10x_it.c...
linking...
Program Size: Code=5936 RO-data=4828 RW-data=52 ZI-data=1636  
FromELF: creating hex file...
"..\Output\CT117E-LCD.axf" - 0 Error(s), 0 Warning(s).
Load "..\\Output\\CT117E-LCD.AXF" 
Erasing Done.
Program Speed: 11.54 KByte/s
Programming Done.
