<html>
<body>
<pre>
<h1>礦ision Build Log</h1>
<h2>Project:</h2>
F:\嵌入式\Gavin嵌入式\3.按键\Project\CT117E-LCD.uvproj
Project File Date:  12/17/2020

<h2>Output:</h2>
compiling io.c...
..\Hardware\io.c - 0 Error(s), 0 Warning(s).
Build target 'Target 1'
linking...
Program Size: Code=5760 RO-data=4828 RW-data=56 ZI-data=1632  
FromELF: creating hex file...
"..\Output\CT117E-LCD.axf" - 0 Error(s), 0 Warning(s).
Load "..\\Output\\CT117E-LCD.AXF" 
Erasing Done.
Program Speed: 11.56 KByte/s
Programming Done.
Build target 'Target 1'
assembling startup_stm32f10x_md.s...
compiling core_cm3.c...
compiling system_stm32f10x.c...
compiling stm32f10x_gpio.c...
compiling stm32f10x_rcc.c...
compiling lcd.c...
compiling main.c...
compiling stm32f10x_it.c...
compiling io.c...
..\Hardware\io.c(46): error:  #20: identifier "key1_sum" is undefined
..\Hardware\io.c:               key1_sum++;
..\Hardware\io.c:               ^
..\Hardware\io.c(61): error: At end of source:  #67: expected a "}"
..\Hardware\io.c: ..\Hardware\io.c: 0 warnings, 2 errors
Target not created
Build target 'Target 1'
assembling startup_stm32f10x_md.s...
compiling core_cm3.c...
compiling system_stm32f10x.c...
compiling stm32f10x_gpio.c...
compiling stm32f10x_rcc.c...
compiling lcd.c...
compiling main.c...
compiling stm32f10x_it.c...
compiling io.c...
linking...
Program Size: Code=5728 RO-data=4828 RW-data=56 ZI-data=1632  
FromELF: creating hex file...
"..\Output\CT117E-LCD.axf" - 0 Error(s), 0 Warning(s).
Load "..\\Output\\CT117E-LCD.AXF" 
Erasing Done.
Program Speed: 11.51 KByte/s
Programming Done.
Build target 'Target 1'
compiling io.c...
linking...
Program Size: Code=5760 RO-data=4828 RW-data=56 ZI-data=1632  
FromELF: creating hex file...
"..\Output\CT117E-LCD.axf" - 0 Error(s), 0 Warning(s).
Load "..\\Output\\CT117E-LCD.AXF" 
Erasing Done.
Program Speed: 11.56 KByte/s
Programming Done.
Build target 'Target 1'
assembling startup_stm32f10x_md.s...
compiling core_cm3.c...
compiling system_stm32f10x.c...
compiling stm32f10x_gpio.c...
compiling stm32f10x_rcc.c...
compiling lcd.c...
compiling main.c...
compiling stm32f10x_it.c...
compiling io.c...
linking...
Program Size: Code=5780 RO-data=4828 RW-data=64 ZI-data=1632  
FromELF: creating hex file...
"..\Output\CT117E-LCD.axf" - 0 Error(s), 0 Warning(s).
Load "..\\Output\\CT117E-LCD.AXF" 
Erasing Done.
Program Speed: 11.57 KByte/s
Programming Done.
Build target 'Target 1'
assembling startup_stm32f10x_md.s...
compiling core_cm3.c...
compiling system_stm32f10x.c...
compiling stm32f10x_gpio.c...
compiling stm32f10x_rcc.c...
compiling lcd.c...
compiling main.c...
compiling stm32f10x_it.c...
compiling io.c...
linking...
Program Size: Code=5780 RO-data=4828 RW-data=64 ZI-data=1632  
FromELF: creating hex file...
"..\Output\CT117E-LCD.axf" - 0 Error(s), 0 Warning(s).
Load "..\\Output\\CT117E-LCD.AXF" 
Erasing Done.
Program Speed: 11.39 KByte/s
Programming Done.
Build target 'Target 1'
assembling startup_stm32f10x_md.s...
compiling core_cm3.c...
compiling system_stm32f10x.c...
compiling stm32f10x_gpio.c...
compiling stm32f10x_rcc.c...
compiling lcd.c...
compiling main.c...
compiling stm32f10x_it.c...
compiling io.c...
..\Hardware\io.c(42): warning:  #260-D: explicit type is missing ("int" assumed)
..\Hardware\io.c:       static Led_Disp = 0x0100;
..\Hardware\io.c:              ^
..\Hardware\io.c: ..\Hardware\io.c: 1 warning, 0 errors
linking...
Program Size: Code=5892 RO-data=4828 RW-data=68 ZI-data=1636  
FromELF: creating hex file...
"..\Output\CT117E-LCD.axf" - 0 Error(s), 1 Warning(s).
Build target 'Target 1'
assembling startup_stm32f10x_md.s...
compiling core_cm3.c...
compiling system_stm32f10x.c...
compiling stm32f10x_gpio.c...
compiling stm32f10x_rcc.c...
compiling lcd.c...
compiling main.c...
compiling stm32f10x_it.c...
compiling io.c...
linking...
Program Size: Code=5892 RO-data=4828 RW-data=68 ZI-data=1636  
FromELF: creating hex file...
"..\Output\CT117E-LCD.axf" - 0 Error(s), 0 Warning(s).
Build target 'Target 1'
assembling startup_stm32f10x_md.s...
compiling core_cm3.c...
compiling system_stm32f10x.c...
compiling stm32f10x_gpio.c...
compiling stm32f10x_rcc.c...
compiling lcd.c...
compiling main.c...
compiling stm32f10x_it.c...
compiling io.c...
linking...
Program Size: Code=5896 RO-data=4828 RW-data=72 ZI-data=1632  
FromELF: creating hex file...
"..\Output\CT117E-LCD.axf" - 0 Error(s), 0 Warning(s).
Load "..\\Output\\CT117E-LCD.AXF" 
Erasing Done.
Program Speed: 11.71 KByte/s
Programming Done.
Build target 'Target 1'
assembling startup_stm32f10x_md.s...
compiling core_cm3.c...
compiling system_stm32f10x.c...
compiling stm32f10x_gpio.c...
compiling stm32f10x_rcc.c...
compiling lcd.c...
compiling main.c...
compiling stm32f10x_it.c...
compiling io.c...
linking...
Program Size: Code=5896 RO-data=4828 RW-data=72 ZI-data=1632  
FromELF: creating hex file...
"..\Output\CT117E-LCD.axf" - 0 Error(s), 0 Warning(s).
Load "..\\Output\\CT117E-LCD.AXF" 
Erasing Done.
Program Speed: 11.52 KByte/s
Programming Done.
Build target 'Target 1'
assembling startup_stm32f10x_md.s...
compiling core_cm3.c...
compiling system_stm32f10x.c...
compiling stm32f10x_gpio.c...
compiling stm32f10x_rcc.c...
compiling lcd.c...
compiling main.c...
compiling stm32f10x_it.c...
compiling io.c...
..\Hardware\io.c(52): error:  #20: identifier "Led_Disp" is undefined
..\Hardware\io.c:                       GPIOC->ODR = ~(Led_Disp<<i);
..\Hardware\io.c:                                      ^
..\Hardware\io.c(67): error:  #20: identifier "Led_Disp" is undefined
..\Hardware\io.c:                       GPIOC->ODR = ~(Led_Disp<<x);
..\Hardware\io.c:                                      ^
..\Hardware\io.c(42): warning:  #177-D: variable "Led_Disp1" was declared but never referenced
..\Hardware\io.c:       static int Led_Disp1 = 0x0100;
..\Hardware\io.c:                  ^
..\Hardware\io.c(43): warning:  #177-D: variable "Led_Disp2" was declared but never referenced
..\Hardware\io.c:       static int Led_Disp2 = 0x8000;
..\Hardware\io.c:                  ^
..\Hardware\io.c: ..\Hardware\io.c: 2 warnings, 2 errors
Target not created
Build target 'Target 1'
assembling startup_stm32f10x_md.s...
compiling core_cm3.c...
compiling system_stm32f10x.c...
compiling stm32f10x_gpio.c...
compiling stm32f10x_rcc.c...
compiling lcd.c...
compiling main.c...
compiling stm32f10x_it.c...
compiling io.c...
..\Hardware\io.c(52): error:  #20: identifier "Led_Disp" is undefined
..\Hardware\io.c:                       GPIOC->ODR = ~(Led_Disp<<i);
..\Hardware\io.c:                                      ^
..\Hardware\io.c(67): error:  #20: identifier "Led_Disp" is undefined
..\Hardware\io.c:                       GPIOC->ODR = ~(Led_Disp>>x);
..\Hardware\io.c:                                      ^
..\Hardware\io.c(42): warning:  #177-D: variable "Led_Disp1" was declared but never referenced
..\Hardware\io.c:       static int Led_Disp1 = 0x0100;
..\Hardware\io.c:                  ^
..\Hardware\io.c(43): warning:  #177-D: variable "Led_Disp2" was declared but never referenced
..\Hardware\io.c:       static int Led_Disp2 = 0x8000;
..\Hardware\io.c:                  ^
..\Hardware\io.c: ..\Hardware\io.c: 2 warnings, 2 errors
Target not created
Load "..\\Output\\CT117E-LCD.AXF" 
_____^
*** error 56: cant open file
Build target 'Target 1'
assembling startup_stm32f10x_md.s...
compiling core_cm3.c...
compiling system_stm32f10x.c...
compiling stm32f10x_gpio.c...
compiling stm32f10x_rcc.c...
compiling lcd.c...
compiling main.c...
compiling stm32f10x_it.c...
compiling io.c...
linking...
Program Size: Code=5900 RO-data=4828 RW-data=76 ZI-data=1636  
FromELF: creating hex file...
"..\Output\CT117E-LCD.axf" - 0 Error(s), 0 Warning(s).
Load "..\\Output\\CT117E-LCD.AXF" 
Erasing Done.
Program Speed: 11.72 KByte/s
Programming Done.
Build target 'Target 1'
assembling startup_stm32f10x_md.s...
compiling core_cm3.c...
compiling system_stm32f10x.c...
compiling stm32f10x_gpio.c...
compiling stm32f10x_rcc.c...
compiling lcd.c...
compiling main.c...
compiling stm32f10x_it.c...
compiling io.c...
linking...
Program Size: Code=5900 RO-data=4828 RW-data=76 ZI-data=1636  
FromELF: creating hex file...
"..\Output\CT117E-LCD.axf" - 0 Error(s), 0 Warning(s).
Load "..\\Output\\CT117E-LCD.AXF" 
Erasing Done.
Program Speed: 11.53 KByte/s
Programming Done.
Build target 'Target 1'
assembling startup_stm32f10x_md.s...
compiling core_cm3.c...
compiling system_stm32f10x.c...
compiling stm32f10x_gpio.c...
compiling stm32f10x_rcc.c...
compiling lcd.c...
compiling main.c...
compiling stm32f10x_it.c...
compiling io.c...
..\Hardware\io.c(43): warning:  #177-D: variable "Led_Disp2" was declared but never referenced
..\Hardware\io.c:       static int Led_Disp2 = 0x8000;
..\Hardware\io.c:                  ^
..\Hardware\io.c: ..\Hardware\io.c: 1 warning, 0 errors
linking...
Program Size: Code=5900 RO-data=4828 RW-data=76 ZI-data=1636  
FromELF: creating hex file...
"..\Output\CT117E-LCD.axf" - 0 Error(s), 1 Warning(s).
Load "..\\Output\\CT117E-LCD.AXF" 
Erasing Done.
Program Speed: 11.72 KByte/s
Programming Done.
Build target 'Target 1'
assembling startup_stm32f10x_md.s...
compiling core_cm3.c...
compiling system_stm32f10x.c...
compiling stm32f10x_gpio.c...
compiling stm32f10x_rcc.c...
compiling lcd.c...
compiling main.c...
compiling stm32f10x_it.c...
compiling io.c...
..\Hardware\io.c(43): warning:  #177-D: variable "Led_Disp2" was declared but never referenced
..\Hardware\io.c:       static int Led_Disp2 = 0x8000;
..\Hardware\io.c:                  ^
..\Hardware\io.c: ..\Hardware\io.c: 1 warning, 0 errors
linking...
Program Size: Code=5900 RO-data=4828 RW-data=76 ZI-data=1636  
FromELF: creating hex file...
"..\Output\CT117E-LCD.axf" - 0 Error(s), 1 Warning(s).
Load "..\\Output\\CT117E-LCD.AXF" 
Erasing Done.
Program Speed: 11.52 KByte/s
Programming Done.
Build target 'Target 1'
assembling startup_stm32f10x_md.s...
compiling core_cm3.c...
compiling system_stm32f10x.c...
compiling stm32f10x_gpio.c...
compiling stm32f10x_rcc.c...
compiling lcd.c...
compiling main.c...
compiling stm32f10x_it.c...
compiling io.c...
..\Hardware\io.c(43): warning:  #177-D: variable "Led_Disp2" was declared but never referenced
..\Hardware\io.c:       static int Led_Disp2 = 0x8000;
..\Hardware\io.c:                  ^
..\Hardware\io.c: ..\Hardware\io.c: 1 warning, 0 errors
linking...
Program Size: Code=5896 RO-data=4828 RW-data=76 ZI-data=1636  
FromELF: creating hex file...
"..\Output\CT117E-LCD.axf" - 0 Error(s), 1 Warning(s).
Build target 'Target 1'
assembling startup_stm32f10x_md.s...
compiling core_cm3.c...
compiling system_stm32f10x.c...
compiling stm32f10x_gpio.c...
compiling stm32f10x_rcc.c...
compiling lcd.c...
compiling main.c...
compiling stm32f10x_it.c...
compiling io.c...
linking...
Program Size: Code=5896 RO-data=4828 RW-data=72 ZI-data=1632  
FromELF: creating hex file...
"..\Output\CT117E-LCD.axf" - 0 Error(s), 0 Warning(s).
Load "..\\Output\\CT117E-LCD.AXF" 
Erasing Done.
Program Speed: 11.51 KByte/s
Programming Done.
Build target 'Target 1'
assembling startup_stm32f10x_md.s...
compiling core_cm3.c...
compiling system_stm32f10x.c...
compiling stm32f10x_gpio.c...
compiling stm32f10x_rcc.c...
compiling lcd.c...
compiling main.c...
compiling stm32f10x_it.c...
compiling io.c...
linking...
Program Size: Code=5892 RO-data=4828 RW-data=72 ZI-data=1632  
FromELF: creating hex file...
"..\Output\CT117E-LCD.axf" - 0 Error(s), 0 Warning(s).
Load "..\\Output\\CT117E-LCD.AXF" 
Erasing Done.
Program Speed: 11.52 KByte/s
Programming Done.
Build target 'Target 1'
assembling startup_stm32f10x_md.s...
compiling core_cm3.c...
compiling system_stm32f10x.c...
compiling stm32f10x_gpio.c...
compiling stm32f10x_rcc.c...
compiling lcd.c...
compiling main.c...
compiling stm32f10x_it.c...
compiling io.c...
..\Hardware\io.c(41): warning:  #177-D: variable "x" was declared but never referenced
..\Hardware\io.c:       static int i = 0,x = 9;
..\Hardware\io.c:                        ^
..\Hardware\io.c: ..\Hardware\io.c: 1 warning, 0 errors
linking...
Program Size: Code=5848 RO-data=4828 RW-data=72 ZI-data=1632  
FromELF: creating hex file...
"..\Output\CT117E-LCD.axf" - 0 Error(s), 1 Warning(s).
Build target 'Target 1'
assembling startup_stm32f10x_md.s...
compiling core_cm3.c...
compiling system_stm32f10x.c...
compiling stm32f10x_gpio.c...
compiling stm32f10x_rcc.c...
compiling lcd.c...
compiling main.c...
compiling stm32f10x_it.c...
compiling io.c...
linking...
Program Size: Code=5848 RO-data=4828 RW-data=68 ZI-data=1636  
FromELF: creating hex file...
"..\Output\CT117E-LCD.axf" - 0 Error(s), 0 Warning(s).
Load "..\\Output\\CT117E-LCD.AXF" 
Erasing Done.
Program Speed: 11.45 KByte/s
Programming Done.
Build target 'Target 1'
assembling startup_stm32f10x_md.s...
compiling core_cm3.c...
compiling system_stm32f10x.c...
compiling stm32f10x_gpio.c...
compiling stm32f10x_rcc.c...
compiling lcd.c...
compiling main.c...
compiling stm32f10x_it.c...
compiling io.c...
linking...
Program Size: Code=5844 RO-data=4828 RW-data=68 ZI-data=1636  
FromELF: creating hex file...
"..\Output\CT117E-LCD.axf" - 0 Error(s), 0 Warning(s).
Load "..\\Output\\CT117E-LCD.AXF" 
Erasing Done.
Program Speed: 11.66 KByte/s
Programming Done.
Build target 'Target 1'
assembling startup_stm32f10x_md.s...
compiling core_cm3.c...
compiling system_stm32f10x.c...
compiling stm32f10x_gpio.c...
compiling stm32f10x_rcc.c...
compiling lcd.c...
compiling main.c...
compiling stm32f10x_it.c...
compiling io.c...
linking...
Program Size: Code=5848 RO-data=4828 RW-data=68 ZI-data=1636  
FromELF: creating hex file...
"..\Output\CT117E-LCD.axf" - 0 Error(s), 0 Warning(s).
Load "..\\Output\\CT117E-LCD.AXF" 
Erasing Done.
Program Speed: 11.65 KByte/s
Programming Done.
Build target 'Target 1'
assembling startup_stm32f10x_md.s...
compiling core_cm3.c...
compiling system_stm32f10x.c...
compiling stm32f10x_gpio.c...
compiling stm32f10x_rcc.c...
compiling lcd.c...
compiling main.c...
compiling stm32f10x_it.c...
compiling io.c...
linking...
Program Size: Code=5848 RO-data=4828 RW-data=68 ZI-data=1636  
FromELF: creating hex file...
"..\Output\CT117E-LCD.axf" - 0 Error(s), 0 Warning(s).
Load "..\\Output\\CT117E-LCD.AXF" 
Erasing Done.
Program Speed: 11.65 KByte/s
Programming Done.
Build target 'Target 1'
assembling startup_stm32f10x_md.s...
compiling core_cm3.c...
compiling system_stm32f10x.c...
compiling stm32f10x_gpio.c...
compiling stm32f10x_rcc.c...
compiling lcd.c...
compiling main.c...
compiling stm32f10x_it.c...
compiling io.c...
linking...
Program Size: Code=5888 RO-data=4828 RW-data=68 ZI-data=1636  
FromELF: creating hex file...
"..\Output\CT117E-LCD.axf" - 0 Error(s), 0 Warning(s).
Load "..\\Output\\CT117E-LCD.AXF" 
Erasing Done.
Program Speed: 11.70 KByte/s
Programming Done.
Build target 'Target 1'
assembling startup_stm32f10x_md.s...
compiling core_cm3.c...
compiling system_stm32f10x.c...
compiling stm32f10x_gpio.c...
compiling stm32f10x_rcc.c...
compiling lcd.c...
compiling main.c...
compiling stm32f10x_it.c...
compiling io.c...
linking...
Program Size: Code=5888 RO-data=4828 RW-data=68 ZI-data=1636  
FromELF: creating hex file...
"..\Output\CT117E-LCD.axf" - 0 Error(s), 0 Warning(s).
Load "..\\Output\\CT117E-LCD.AXF" 
Erasing Done.
Program Speed: 11.70 KByte/s
Programming Done.
Build target 'Target 1'
assembling startup_stm32f10x_md.s...
compiling core_cm3.c...
compiling system_stm32f10x.c...
compiling stm32f10x_gpio.c...
compiling stm32f10x_rcc.c...
compiling lcd.c...
compiling main.c...
compiling stm32f10x_it.c...
compiling io.c...
..\Hardware\io.c(62): warning:  #174-D: expression has no effect
..\Hardware\io.c:                       key1_sum == 10;                                                         
..\Hardware\io.c:                       ^
..\Hardware\io.c: ..\Hardware\io.c: 1 warning, 0 errors
linking...
Program Size: Code=5888 RO-data=4828 RW-data=68 ZI-data=1636  
FromELF: creating hex file...
"..\Output\CT117E-LCD.axf" - 0 Error(s), 1 Warning(s).
Load "..\\Output\\CT117E-LCD.AXF" 
Erasing Done.
Program Speed: 11.50 KByte/s
Programming Done.
Build target 'Target 1'
assembling startup_stm32f10x_md.s...
compiling core_cm3.c...
compiling system_stm32f10x.c...
compiling stm32f10x_gpio.c...
compiling stm32f10x_rcc.c...
compiling lcd.c...
compiling main.c...
compiling stm32f10x_it.c...
compiling io.c...
linking...
Program Size: Code=5896 RO-data=4828 RW-data=68 ZI-data=1636  
FromELF: creating hex file...
"..\Output\CT117E-LCD.axf" - 0 Error(s), 0 Warning(s).
Load "..\\Output\\CT117E-LCD.AXF" 
Erasing Done.
Program Speed: 11.51 KByte/s
Programming Done.
Build target 'Target 1'
assembling startup_stm32f10x_md.s...
compiling core_cm3.c...
compiling system_stm32f10x.c...
compiling stm32f10x_gpio.c...
compiling stm32f10x_rcc.c...
compiling lcd.c...
compiling main.c...
compiling stm32f10x_it.c...
compiling io.c...
linking...
Program Size: Code=5896 RO-data=4828 RW-data=68 ZI-data=1636  
FromELF: creating hex file...
"..\Output\CT117E-LCD.axf" - 0 Error(s), 0 Warning(s).
Load "..\\Output\\CT117E-LCD.AXF" 
Erasing Done.
Program Speed: 11.70 KByte/s
Programming Done.
Build target 'Target 1'
assembling startup_stm32f10x_md.s...
compiling core_cm3.c...
compiling system_stm32f10x.c...
compiling stm32f10x_gpio.c...
compiling stm32f10x_rcc.c...
compiling lcd.c...
compiling main.c...
compiling stm32f10x_it.c...
compiling io.c...
linking...
Program Size: Code=5896 RO-data=4828 RW-data=68 ZI-data=1636  
FromELF: creating hex file...
"..\Output\CT117E-LCD.axf" - 0 Error(s), 0 Warning(s).
Load "..\\Output\\CT117E-LCD.AXF" 
Erasing Done.
Program Speed: 11.51 KByte/s
Programming Done.
Build target 'Target 1'
assembling startup_stm32f10x_md.s...
compiling core_cm3.c...
compiling system_stm32f10x.c...
compiling stm32f10x_gpio.c...
compiling stm32f10x_rcc.c...
compiling lcd.c...
compiling main.c...
compiling stm32f10x_it.c...
compiling io.c...
linking...
Program Size: Code=5904 RO-data=4828 RW-data=68 ZI-data=1636  
FromELF: creating hex file...
"..\Output\CT117E-LCD.axf" - 0 Error(s), 0 Warning(s).
Load "..\\Output\\CT117E-LCD.AXF" 
Erasing Done.
Program Speed: 11.71 KByte/s
Programming Done.
Build target 'Target 1'
assembling startup_stm32f10x_md.s...
compiling core_cm3.c...
compiling system_stm32f10x.c...
compiling stm32f10x_gpio.c...
compiling stm32f10x_rcc.c...
compiling lcd.c...
compiling main.c...
compiling stm32f10x_it.c...
compiling io.c...
linking...
Program Size: Code=5904 RO-data=4828 RW-data=68 ZI-data=1636  
FromELF: creating hex file...
"..\Output\CT117E-LCD.axf" - 0 Error(s), 0 Warning(s).
Load "..\\Output\\CT117E-LCD.AXF" 
Erasing Done.
Program Speed: 11.71 KByte/s
Programming Done.
Build target 'Target 1'
assembling startup_stm32f10x_md.s...
compiling core_cm3.c...
compiling system_stm32f10x.c...
compiling stm32f10x_gpio.c...
compiling stm32f10x_rcc.c...
compiling lcd.c...
compiling main.c...
compiling stm32f10x_it.c...
compiling io.c...
linking...
Program Size: Code=5872 RO-data=4828 RW-data=68 ZI-data=1636  
FromELF: creating hex file...
"..\Output\CT117E-LCD.axf" - 0 Error(s), 0 Warning(s).
Load "..\\Output\\CT117E-LCD.AXF" 
Erasing Done.
Program Speed: 11.68 KByte/s
Programming Done.
Build target 'Target 1'
assembling startup_stm32f10x_md.s...
compiling core_cm3.c...
compiling system_stm32f10x.c...
compiling stm32f10x_gpio.c...
compiling stm32f10x_rcc.c...
compiling lcd.c...
compiling main.c...
compiling stm32f10x_it.c...
compiling io.c...
linking...
Program Size: Code=5960 RO-data=4828 RW-data=68 ZI-data=1636  
FromELF: creating hex file...
"..\Output\CT117E-LCD.axf" - 0 Error(s), 0 Warning(s).
Load "..\\Output\\CT117E-LCD.AXF" 
Erasing Done.
Program Speed: 11.77 KByte/s
Programming Done.
Build target 'Target 1'
assembling startup_stm32f10x_md.s...
compiling core_cm3.c...
compiling system_stm32f10x.c...
compiling stm32f10x_gpio.c...
compiling stm32f10x_rcc.c...
compiling lcd.c...
compiling main.c...
compiling stm32f10x_it.c...
compiling io.c...
..\Hardware\io.c(44): warning:  #177-D: variable "Led_Disp1" was declared but never referenced
..\Hardware\io.c:       static int Led_Disp1 = 0x0100;
..\Hardware\io.c:                  ^
..\Hardware\io.c: ..\Hardware\io.c: 1 warning, 0 errors
linking...
Program Size: Code=5912 RO-data=4828 RW-data=68 ZI-data=1636  
FromELF: creating hex file...
"..\Output\CT117E-LCD.axf" - 0 Error(s), 1 Warning(s).
Load "..\\Output\\CT117E-LCD.AXF" 
Erasing Done.
Program Speed: 11.72 KByte/s
Programming Done.
Build target 'Target 1'
assembling startup_stm32f10x_md.s...
compiling core_cm3.c...
compiling system_stm32f10x.c...
compiling stm32f10x_gpio.c...
compiling stm32f10x_rcc.c...
compiling lcd.c...
compiling main.c...
compiling stm32f10x_it.c...
compiling io.c...
linking...
Program Size: Code=5912 RO-data=4828 RW-data=64 ZI-data=1632  
FromELF: creating hex file...
"..\Output\CT117E-LCD.axf" - 0 Error(s), 0 Warning(s).
Load "..\\Output\\CT117E-LCD.AXF" 
Erasing Done.
Program Speed: 11.72 KByte/s
Programming Done.
Build target 'Target 1'
assembling startup_stm32f10x_md.s...
compiling core_cm3.c...
compiling system_stm32f10x.c...
compiling stm32f10x_gpio.c...
compiling stm32f10x_rcc.c...
compiling lcd.c...
compiling main.c...
compiling stm32f10x_it.c...
compiling io.c...
linking...
Program Size: Code=5912 RO-data=4828 RW-data=64 ZI-data=1632  
FromELF: creating hex file...
"..\Output\CT117E-LCD.axf" - 0 Error(s), 0 Warning(s).
Load "..\\Output\\CT117E-LCD.AXF" 
Erasing Done.
Program Speed: 11.52 KByte/s
Programming Done.
Build target 'Target 1'
assembling startup_stm32f10x_md.s...
compiling core_cm3.c...
compiling system_stm32f10x.c...
compiling stm32f10x_gpio.c...
compiling stm32f10x_rcc.c...
compiling lcd.c...
compiling main.c...
compiling stm32f10x_it.c...
compiling io.c...
linking...
Program Size: Code=5912 RO-data=4828 RW-data=64 ZI-data=1632  
FromELF: creating hex file...
"..\Output\CT117E-LCD.axf" - 0 Error(s), 0 Warning(s).
Load "..\\Output\\CT117E-LCD.AXF" 
Erasing Done.
Program Speed: 11.72 KByte/s
Programming Done.
Build target 'Target 1'
assembling startup_stm32f10x_md.s...
compiling core_cm3.c...
compiling system_stm32f10x.c...
compiling stm32f10x_gpio.c...
compiling stm32f10x_rcc.c...
compiling lcd.c...
compiling main.c...
compiling stm32f10x_it.c...
compiling io.c...
..\Hardware\io.c(54): error:  #20: identifier "Led_Disp1" is undefined
..\Hardware\io.c:                       GPIOC->ODR = ~(Led_Disp1<<i);//流水灯位移
..\Hardware\io.c:                                      ^
..\Hardware\io.c(75): error:  #20: identifier "Led_Disp1" is undefined
..\Hardware\io.c:                       GPIOC->ODR = ~(Led_Disp1<<i);//流水灯位移
..\Hardware\io.c:                                      ^
..\Hardware\io.c: ..\Hardware\io.c: 0 warnings, 2 errors
Target not created
Build target 'Target 1'
assembling startup_stm32f10x_md.s...
compiling core_cm3.c...
compiling system_stm32f10x.c...
compiling stm32f10x_gpio.c...
compiling stm32f10x_rcc.c...
compiling lcd.c...
compiling main.c...
compiling stm32f10x_it.c...
compiling io.c...
linking...
Program Size: Code=6004 RO-data=4828 RW-data=68 ZI-data=1636  
FromELF: creating hex file...
"..\Output\CT117E-LCD.axf" - 0 Error(s), 0 Warning(s).
Load "..\\Output\\CT117E-LCD.AXF" 
Erasing Done.
Program Speed: 11.63 KByte/s
Programming Done.
Build target 'Target 1'
assembling startup_stm32f10x_md.s...
compiling core_cm3.c...
compiling system_stm32f10x.c...
compiling stm32f10x_gpio.c...
compiling stm32f10x_rcc.c...
compiling lcd.c...
compiling main.c...
compiling stm32f10x_it.c...
compiling io.c...
linking...
Program Size: Code=6040 RO-data=4828 RW-data=68 ZI-data=1636  
FromELF: creating hex file...
"..\Output\CT117E-LCD.axf" - 0 Error(s), 0 Warning(s).
Load "..\\Output\\CT117E-LCD.AXF" 
Erasing Done.
Program Speed: 11.66 KByte/s
Programming Done.
Build target 'Target 1'
assembling startup_stm32f10x_md.s...
compiling core_cm3.c...
compiling system_stm32f10x.c...
compiling stm32f10x_gpio.c...
compiling stm32f10x_rcc.c...
compiling lcd.c...
compiling main.c...
compiling stm32f10x_it.c...
compiling io.c...
linking...
Program Size: Code=6040 RO-data=4828 RW-data=68 ZI-data=1636  
FromELF: creating hex file...
"..\Output\CT117E-LCD.axf" - 0 Error(s), 0 Warning(s).
Load "..\\Output\\CT117E-LCD.AXF" 
Erasing Done.
Program Speed: 11.66 KByte/s
Programming Done.
Build target 'Target 1'
assembling startup_stm32f10x_md.s...
compiling core_cm3.c...
compiling system_stm32f10x.c...
compiling stm32f10x_gpio.c...
compiling stm32f10x_rcc.c...
compiling lcd.c...
compiling main.c...
compiling stm32f10x_it.c...
compiling io.c...
linking...
Program Size: Code=6040 RO-data=4828 RW-data=68 ZI-data=1636  
FromELF: creating hex file...
"..\Output\CT117E-LCD.axf" - 0 Error(s), 0 Warning(s).
Load "..\\Output\\CT117E-LCD.AXF" 
Erasing Done.
Program Speed: 11.66 KByte/s
Programming Done.
Build target 'Target 1'
assembling startup_stm32f10x_md.s...
compiling core_cm3.c...
compiling system_stm32f10x.c...
compiling stm32f10x_gpio.c...
compiling stm32f10x_rcc.c...
compiling lcd.c...
compiling main.c...
compiling stm32f10x_it.c...
compiling io.c...
linking...
Program Size: Code=6040 RO-data=4828 RW-data=68 ZI-data=1636  
FromELF: creating hex file...
"..\Output\CT117E-LCD.axf" - 0 Error(s), 0 Warning(s).
Load "..\\Output\\CT117E-LCD.AXF" 
Erasing Done.
Program Speed: 11.86 KByte/s
Programming Done.
Build target 'Target 1'
assembling startup_stm32f10x_md.s...
compiling core_cm3.c...
compiling system_stm32f10x.c...
compiling stm32f10x_gpio.c...
compiling stm32f10x_rcc.c...
compiling lcd.c...
compiling main.c...
compiling stm32f10x_it.c...
compiling io.c...
linking...
Program Size: Code=6040 RO-data=4828 RW-data=68 ZI-data=1636  
FromELF: creating hex file...
"..\Output\CT117E-LCD.axf" - 0 Error(s), 0 Warning(s).
Load "..\\Output\\CT117E-LCD.AXF" 
Erasing Done.
Program Speed: 11.66 KByte/s
Programming Done.
Build target 'Target 1'
assembling startup_stm32f10x_md.s...
compiling core_cm3.c...
compiling system_stm32f10x.c...
compiling stm32f10x_gpio.c...
compiling stm32f10x_rcc.c...
compiling lcd.c...
compiling main.c...
compiling stm32f10x_it.c...
compiling io.c...
linking...
Program Size: Code=6044 RO-data=4828 RW-data=68 ZI-data=1636  
FromELF: creating hex file...
"..\Output\CT117E-LCD.axf" - 0 Error(s), 0 Warning(s).
Load "..\\Output\\CT117E-LCD.AXF" 
Erasing Done.
Program Speed: 11.66 KByte/s
Programming Done.
Build target 'Target 1'
assembling startup_stm32f10x_md.s...
compiling core_cm3.c...
compiling system_stm32f10x.c...
compiling stm32f10x_gpio.c...
compiling stm32f10x_rcc.c...
compiling lcd.c...
compiling main.c...
compiling stm32f10x_it.c...
compiling io.c...
linking...
Program Size: Code=6044 RO-data=4828 RW-data=68 ZI-data=1636  
FromELF: creating hex file...
"..\Output\CT117E-LCD.axf" - 0 Error(s), 0 Warning(s).
Load "..\\Output\\CT117E-LCD.AXF" 
Erasing Done.
Program Speed: 11.68 KByte/s
Programming Done.
Build target 'Target 1'
assembling startup_stm32f10x_md.s...
compiling core_cm3.c...
compiling system_stm32f10x.c...
compiling stm32f10x_gpio.c...
compiling stm32f10x_rcc.c...
compiling lcd.c...
compiling main.c...
compiling stm32f10x_it.c...
compiling io.c...
linking...
Program Size: Code=6044 RO-data=4828 RW-data=68 ZI-data=1636  
FromELF: creating hex file...
"..\Output\CT117E-LCD.axf" - 0 Error(s), 0 Warning(s).
Load "..\\Output\\CT117E-LCD.AXF" 
Erasing Done.
Program Speed: 11.68 KByte/s
Programming Done.
Build target 'Target 1'
assembling startup_stm32f10x_md.s...
compiling core_cm3.c...
compiling system_stm32f10x.c...
compiling stm32f10x_gpio.c...
compiling stm32f10x_rcc.c...
compiling lcd.c...
compiling main.c...
compiling stm32f10x_it.c...
compiling io.c...
linking...
Program Size: Code=6044 RO-data=4828 RW-data=68 ZI-data=1636  
FromELF: creating hex file...
"..\Output\CT117E-LCD.axf" - 0 Error(s), 0 Warning(s).
Load "..\\Output\\CT117E-LCD.AXF" 
Erasing Done.
Program Speed: 11.87 KByte/s
Programming Done.
Build target 'Target 1'
assembling startup_stm32f10x_md.s...
compiling core_cm3.c...
compiling system_stm32f10x.c...
compiling stm32f10x_gpio.c...
compiling stm32f10x_rcc.c...
compiling lcd.c...
compiling main.c...
compiling stm32f10x_it.c...
compiling io.c...
linking...
Program Size: Code=6044 RO-data=4828 RW-data=68 ZI-data=1636  
FromELF: creating hex file...
"..\Output\CT117E-LCD.axf" - 0 Error(s), 0 Warning(s).
Load "..\\Output\\CT117E-LCD.AXF" 
Erasing Done.
Program Speed: 11.66 KByte/s
Programming Done.
Build target 'Target 1'
assembling startup_stm32f10x_md.s...
compiling core_cm3.c...
compiling system_stm32f10x.c...
compiling stm32f10x_gpio.c...
compiling stm32f10x_rcc.c...
compiling lcd.c...
compiling main.c...
compiling stm32f10x_it.c...
compiling io.c...
linking...
Program Size: Code=6008 RO-data=4828 RW-data=68 ZI-data=1636  
FromELF: creating hex file...
"..\Output\CT117E-LCD.axf" - 0 Error(s), 0 Warning(s).
Build target 'Target 1'
assembling startup_stm32f10x_md.s...
compiling core_cm3.c...
compiling system_stm32f10x.c...
compiling stm32f10x_gpio.c...
compiling stm32f10x_rcc.c...
compiling lcd.c...
compiling main.c...
compiling stm32f10x_it.c...
compiling io.c...
linking...
Program Size: Code=6008 RO-data=4828 RW-data=68 ZI-data=1636  
FromELF: creating hex file...
"..\Output\CT117E-LCD.axf" - 0 Error(s), 0 Warning(s).
Load "..\\Output\\CT117E-LCD.AXF" 
Erasing Done.
Program Speed: 11.83 KByte/s
Programming Done.
Build target 'Target 1'
assembling startup_stm32f10x_md.s...
compiling core_cm3.c...
compiling system_stm32f10x.c...
compiling stm32f10x_gpio.c...
compiling stm32f10x_rcc.c...
compiling lcd.c...
compiling main.c...
compiling stm32f10x_it.c...
compiling io.c...
linking...
Program Size: Code=6008 RO-data=4828 RW-data=68 ZI-data=1636  
FromELF: creating hex file...
"..\Output\CT117E-LCD.axf" - 0 Error(s), 0 Warning(s).
Load "..\\Output\\CT117E-LCD.AXF" 
Erasing Done.
Program Speed: 11.64 KByte/s
Programming Done.
Build target 'Target 1'
assembling startup_stm32f10x_md.s...
compiling core_cm3.c...
compiling system_stm32f10x.c...
compiling stm32f10x_gpio.c...
compiling stm32f10x_rcc.c...
compiling lcd.c...
compiling main.c...
compiling stm32f10x_it.c...
compiling io.c...
linking...
Program Size: Code=6008 RO-data=4828 RW-data=68 ZI-data=1636  
FromELF: creating hex file...
"..\Output\CT117E-LCD.axf" - 0 Error(s), 0 Warning(s).
Load "..\\Output\\CT117E-LCD.AXF" 
Erasing Done.
Program Speed: 11.64 KByte/s
Programming Done.
Build target 'Target 1'
assembling startup_stm32f10x_md.s...
compiling core_cm3.c...
compiling system_stm32f10x.c...
compiling stm32f10x_gpio.c...
compiling stm32f10x_rcc.c...
compiling lcd.c...
compiling main.c...
compiling stm32f10x_it.c...
compiling io.c...
linking...
Program Size: Code=6008 RO-data=4828 RW-data=68 ZI-data=1636  
FromELF: creating hex file...
"..\Output\CT117E-LCD.axf" - 0 Error(s), 0 Warning(s).
Load "..\\Output\\CT117E-LCD.AXF" 
Erasing Done.
Program Speed: 11.62 KByte/s
Programming Done.
Build target 'Target 1'
assembling startup_stm32f10x_md.s...
compiling core_cm3.c...
compiling system_stm32f10x.c...
compiling stm32f10x_gpio.c...
compiling stm32f10x_rcc.c...
compiling lcd.c...
compiling main.c...
compiling stm32f10x_it.c...
compiling io.c...
linking...
Program Size: Code=6008 RO-data=4828 RW-data=68 ZI-data=1636  
FromELF: creating hex file...
"..\Output\CT117E-LCD.axf" - 0 Error(s), 0 Warning(s).
Load "..\\Output\\CT117E-LCD.AXF" 
Erasing Done.
Program Speed: 11.64 KByte/s
Programming Done.
Build target 'Target 1'
assembling startup_stm32f10x_md.s...
compiling core_cm3.c...
compiling system_stm32f10x.c...
compiling stm32f10x_gpio.c...
compiling stm32f10x_rcc.c...
compiling lcd.c...
compiling main.c...
compiling stm32f10x_it.c...
compiling io.c...
linking...
Program Size: Code=6008 RO-data=4828 RW-data=68 ZI-data=1636  
FromELF: creating hex file...
"..\Output\CT117E-LCD.axf" - 0 Error(s), 0 Warning(s).
Load "..\\Output\\CT117E-LCD.AXF" 
Erasing Done.
Program Speed: 11.83 KByte/s
Programming Done.
Build target 'Target 1'
assembling startup_stm32f10x_md.s...
compiling core_cm3.c...
compiling system_stm32f10x.c...
compiling stm32f10x_gpio.c...
compiling stm32f10x_rcc.c...
compiling lcd.c...
compiling main.c...
compiling stm32f10x_it.c...
compiling io.c...
linking...
Program Size: Code=6008 RO-data=4828 RW-data=68 ZI-data=1636  
FromELF: creating hex file...
"..\Output\CT117E-LCD.axf" - 0 Error(s), 0 Warning(s).
Load "..\\Output\\CT117E-LCD.AXF" 
Erasing Done.
Program Speed: 11.64 KByte/s
Programming Done.
Build target 'Target 1'
assembling startup_stm32f10x_md.s...
compiling core_cm3.c...
compiling system_stm32f10x.c...
compiling stm32f10x_gpio.c...
compiling stm32f10x_rcc.c...
compiling lcd.c...
compiling main.c...
compiling stm32f10x_it.c...
compiling io.c...
linking...
Program Size: Code=6008 RO-data=4828 RW-data=68 ZI-data=1636  
FromELF: creating hex file...
"..\Output\CT117E-LCD.axf" - 0 Error(s), 0 Warning(s).
Load "..\\Output\\CT117E-LCD.AXF" 
Erasing Done.
Program Speed: 11.64 KByte/s
Programming Done.
