<html>
<body>
<pre>
<h1>礦ision Build Log</h1>
<h2>Project:</h2>
F:\嵌入式\Gavin嵌入式\2.LED\Project\CT117E-LCD.uvproj
Project File Date:  03/05/2019

<h2>Output:</h2>
Build target 'Target 1'
assembling startup_stm32f10x_md.s...
compiling core_cm3.c...
compiling system_stm32f10x.c...
compiling stm32f10x_gpio.c...
compiling stm32f10x_rcc.c...
compiling lcd.c...
compiling main.c...
compiling stm32f10x_it.c...
linking...
Program Size: Code=5436 RO-data=4828 RW-data=52 ZI-data=1636  
FromELF: creating hex file...
"..\Output\CT117E-LCD.axf" - 0 Error(s), 0 Warning(s).
Build target 'Target 1'
assembling startup_stm32f10x_md.s...
compiling core_cm3.c...
compiling system_stm32f10x.c...
compiling stm32f10x_gpio.c...
compiling stm32f10x_rcc.c...
compiling lcd.c...
compiling main.c...
compiling stm32f10x_it.c...
linking...
Program Size: Code=5436 RO-data=4828 RW-data=52 ZI-data=1636  
FromELF: creating hex file...
"..\Output\CT117E-LCD.axf" - 0 Error(s), 0 Warning(s).
Build target 'Target 1'
assembling startup_stm32f10x_md.s...
compiling core_cm3.c...
compiling system_stm32f10x.c...
compiling stm32f10x_gpio.c...
compiling stm32f10x_rcc.c...
compiling lcd.c...
compiling main.c...
compiling stm32f10x_it.c...
compiling io.c...
..\Hardware\io.c(1): warning:  #1-D: last line of file ends without a newline
..\Hardware\io.c:   #include "io.h"
..\Hardware\io.c:                  ^
..\Hardware\io.c: ..\Hardware\io.c: 1 warning, 0 errors
linking...
Program Size: Code=5436 RO-data=4828 RW-data=52 ZI-data=1636  
FromELF: creating hex file...
"..\Output\CT117E-LCD.axf" - 0 Error(s), 1 Warning(s).
Build target 'Target 1'
assembling startup_stm32f10x_md.s...
compiling core_cm3.c...
compiling system_stm32f10x.c...
compiling stm32f10x_gpio.c...
compiling stm32f10x_rcc.c...
compiling lcd.c...
compiling main.c...
compiling stm32f10x_it.c...
compiling io.c...
..\Hardware\io.c(1): warning:  #1-D: last line of file ends without a newline
..\Hardware\io.c:   #include "io.h"
..\Hardware\io.c:                  ^
..\Hardware\io.h(5): warning:  #1-D: last line of file ends without a newline
..\Hardware\io.h:   #endif
..\Hardware\io.h:         ^
..\Hardware\io.h: ..\Hardware\io.c: 2 warnings, 0 errors
linking...
Program Size: Code=5436 RO-data=4828 RW-data=52 ZI-data=1636  
FromELF: creating hex file...
"..\Output\CT117E-LCD.axf" - 0 Error(s), 2 Warning(s).
Build target 'Target 1'
assembling startup_stm32f10x_md.s...
compiling core_cm3.c...
compiling system_stm32f10x.c...
compiling stm32f10x_gpio.c...
compiling stm32f10x_rcc.c...
compiling lcd.c...
compiling main.c...
compiling stm32f10x_it.c...
compiling io.c...
..\Hardware\io.h(5): warning:  #1-D: last line of file ends without a newline
..\Hardware\io.h:   #endif
..\Hardware\io.h:         ^
..\Hardware\io.c(9): warning:  #1-D: last line of file ends without a newline
..\Hardware\io.c:   }
..\Hardware\io.c:    ^
..\Hardware\io.c(6): warning:  #177-D: variable "GPIO_InitStructure" was declared but never referenced
..\Hardware\io.c:       GPIO_InitTypeDef GPIO_InitStructure;
..\Hardware\io.c:                        ^
..\Hardware\io.c: ..\Hardware\io.c: 3 warnings, 0 errors
linking...
Program Size: Code=5436 RO-data=4828 RW-data=52 ZI-data=1636  
FromELF: creating hex file...
"..\Output\CT117E-LCD.axf" - 0 Error(s), 3 Warning(s).
Build target 'Target 1'
assembling startup_stm32f10x_md.s...
compiling core_cm3.c...
compiling system_stm32f10x.c...
compiling stm32f10x_gpio.c...
compiling stm32f10x_rcc.c...
compiling lcd.c...
compiling main.c...
compiling stm32f10x_it.c...
compiling io.c...
..\Hardware\io.h(5): warning:  #1-D: last line of file ends without a newline
..\Hardware\io.h:   #endif
..\Hardware\io.h:         ^
..\Hardware\io.c(9): warning:  #1-D: last line of file ends without a newline
..\Hardware\io.c:   }
..\Hardware\io.c:    ^
..\Hardware\io.c(6): warning:  #177-D: variable "GPIO_InitStructure" was declared but never referenced
..\Hardware\io.c:       GPIO_InitTypeDef GPIO_InitStructure;
..\Hardware\io.c:                        ^
..\Hardware\io.c: ..\Hardware\io.c: 3 warnings, 0 errors
linking...
Program Size: Code=5436 RO-data=4828 RW-data=52 ZI-data=1636  
FromELF: creating hex file...
"..\Output\CT117E-LCD.axf" - 0 Error(s), 3 Warning(s).
Build target 'Target 1'
assembling startup_stm32f10x_md.s...
compiling core_cm3.c...
compiling system_stm32f10x.c...
compiling stm32f10x_gpio.c...
compiling stm32f10x_rcc.c...
compiling lcd.c...
compiling main.c...
..\Sre\main.c(17): warning:  #223-D: function "LED_Init" declared implicitly
..\Sre\main.c:          LED_Init();
..\Sre\main.c:          ^
..\Sre\main.c: ..\Sre\main.c: 1 warning, 0 errors
compiling stm32f10x_it.c...
compiling io.c...
..\Hardware\io.h(5): warning:  #1-D: last line of file ends without a newline
..\Hardware\io.h:   #endif
..\Hardware\io.h:         ^
..\Hardware\io.c(23): warning:  #1-D: last line of file ends without a newline
..\Hardware\io.c:   }
..\Hardware\io.c:    ^
..\Hardware\io.c: ..\Hardware\io.c: 2 warnings, 0 errors
linking...
Program Size: Code=5548 RO-data=4828 RW-data=52 ZI-data=1636  
FromELF: creating hex file...
"..\Output\CT117E-LCD.axf" - 0 Error(s), 3 Warning(s).
Build target 'Target 1'
assembling startup_stm32f10x_md.s...
compiling core_cm3.c...
compiling system_stm32f10x.c...
compiling stm32f10x_gpio.c...
compiling stm32f10x_rcc.c...
compiling lcd.c...
compiling main.c...
..\Sre\main.c(3): error:  #5: cannot open source input file "io.h": No such file or directory
..\Sre\main.c:   #include "io.h"
..\Sre\main.c:                  ^
..\Sre\main.c: ..\Sre\main.c: 0 warnings, 1 error
compiling stm32f10x_it.c...
compiling io.c...
..\Hardware\io.h(5): warning:  #1-D: last line of file ends without a newline
..\Hardware\io.h:   #endif
..\Hardware\io.h:         ^
..\Hardware\io.c(23): warning:  #1-D: last line of file ends without a newline
..\Hardware\io.c:   }
..\Hardware\io.c:    ^
..\Hardware\io.c: ..\Hardware\io.c: 2 warnings, 0 errors
Target not created
Build target 'Target 1'
assembling startup_stm32f10x_md.s...
compiling core_cm3.c...
compiling system_stm32f10x.c...
compiling stm32f10x_gpio.c...
compiling stm32f10x_rcc.c...
compiling lcd.c...
compiling main.c...
..\Sre\main.c(3): error:  #5: cannot open source input file "io.h": No such file or directory
..\Sre\main.c:   #include "io.h"
..\Sre\main.c:                  ^
..\Sre\main.c: ..\Sre\main.c: 0 warnings, 1 error
compiling stm32f10x_it.c...
compiling io.c...
..\Hardware\io.h(5): warning:  #1-D: last line of file ends without a newline
..\Hardware\io.h:   #endif
..\Hardware\io.h:         ^
..\Hardware\io.h: ..\Hardware\io.c: 1 warning, 0 errors
Target not created
Build target 'Target 1'
assembling startup_stm32f10x_md.s...
compiling core_cm3.c...
compiling system_stm32f10x.c...
compiling stm32f10x_gpio.c...
compiling stm32f10x_rcc.c...
compiling lcd.c...
compiling main.c...
..\Sre\main.c(3): error:  #5: cannot open source input file "io.h": No such file or directory
..\Sre\main.c:   #include "io.h"
..\Sre\main.c:                  ^
..\Sre\main.c: ..\Sre\main.c: 0 warnings, 1 error
compiling stm32f10x_it.c...
compiling io.c...
Target not created
Build target 'Target 1'
assembling startup_stm32f10x_md.s...
compiling core_cm3.c...
compiling system_stm32f10x.c...
compiling stm32f10x_gpio.c...
compiling stm32f10x_rcc.c...
compiling lcd.c...
compiling main.c...
..\Sre\main.c(3): error:  #5: cannot open source input file "io.h": No such file or directory
..\Sre\main.c:   #include "io.h"
..\Sre\main.c:                  ^
..\Sre\main.c: ..\Sre\main.c: 0 warnings, 1 error
compiling stm32f10x_it.c...
compiling io.c...
Target not created
Build target 'Target 1'
assembling startup_stm32f10x_md.s...
compiling core_cm3.c...
compiling system_stm32f10x.c...
compiling stm32f10x_gpio.c...
compiling stm32f10x_rcc.c...
compiling lcd.c...
compiling main.c...
compiling stm32f10x_it.c...
compiling io.c...
linking...
Program Size: Code=5548 RO-data=4828 RW-data=52 ZI-data=1636  
FromELF: creating hex file...
"..\Output\CT117E-LCD.axf" - 0 Error(s), 0 Warning(s).
Build target 'Target 1'
assembling startup_stm32f10x_md.s...
compiling core_cm3.c...
compiling system_stm32f10x.c...
compiling stm32f10x_gpio.c...
compiling stm32f10x_rcc.c...
compiling lcd.c...
compiling main.c...
compiling stm32f10x_it.c...
compiling io.c...
linking...
Program Size: Code=5548 RO-data=4828 RW-data=52 ZI-data=1636  
FromELF: creating hex file...
"..\Output\CT117E-LCD.axf" - 0 Error(s), 0 Warning(s).
Load "..\\Output\\CT117E-LCD.AXF" 
Erasing Done.
Program Speed: 11.92 KByte/s
Programming Done.
Build target 'Target 1'
assembling startup_stm32f10x_md.s...
compiling core_cm3.c...
compiling system_stm32f10x.c...
compiling stm32f10x_gpio.c...
compiling stm32f10x_rcc.c...
compiling lcd.c...
compiling main.c...
compiling stm32f10x_it.c...
compiling io.c...
linking...
Program Size: Code=5600 RO-data=4828 RW-data=52 ZI-data=1636  
FromELF: creating hex file...
"..\Output\CT117E-LCD.axf" - 0 Error(s), 0 Warning(s).
Load "..\\Output\\CT117E-LCD.AXF" 
Erasing Done.
Program Speed: 11.57 KByte/s
Programming Done.
Build target 'Target 1'
assembling startup_stm32f10x_md.s...
compiling core_cm3.c...
compiling system_stm32f10x.c...
compiling stm32f10x_gpio.c...
compiling stm32f10x_rcc.c...
compiling lcd.c...
compiling main.c...
compiling stm32f10x_it.c...
compiling io.c...
linking...
Program Size: Code=5600 RO-data=4828 RW-data=52 ZI-data=1636  
FromELF: creating hex file...
"..\Output\CT117E-LCD.axf" - 0 Error(s), 0 Warning(s).
